<<<<<<< HEAD
286474
=======
282995
>>>>>>> sauce/posm-batch-execute
