<<<<<<< HEAD
198308
=======
194829
>>>>>>> sauce/posm-batch-execute
