<<<<<<< HEAD
265935
=======
262456
>>>>>>> sauce/posm-batch-execute
