<<<<<<< HEAD
184325
=======
180479
>>>>>>> sauce/posm-batch-execute
