<<<<<<< HEAD
184337
=======
180491
>>>>>>> sauce/posm-batch-execute
