<<<<<<< HEAD
154281
=======
150802
>>>>>>> sauce/posm-batch-execute
