<<<<<<< HEAD
178692
=======
175213
>>>>>>> sauce/posm-batch-execute
