<<<<<<< HEAD
476792
=======
472424
>>>>>>> sauce/posm-batch-execute
